// Jest Snapshot v1, https://goo.gl/fbAQLP

exports[`Room should render correctly 1`] = `
<div
  data-radium={true}
  style={
    Object {
      "background": "#fff",
      "display": "flex",
      "flexDirection": "column",
      "height": "100%",
      "width": "100%",
    }
  }
/>
`;
