// Jest Snapshot v1, https://goo.gl/fbAQLP

exports[`TextBox should render correctly 1`] = `
<input
  data-radium={true}
  onChange={[Function]}
  onKeyDown={[Function]}
  style={
    Object {
      "background": "#eee",
      "border": "none",
      "borderRadius": "1rem",
      "boxSizing": "border-box",
      "color": "#000",
      "filter": "drop-shadow(2px 5px 2px #0003)",
      "flex": 1,
      "fontFamily": "-apple-system, BlinkMacSystemFont, \\"Segoe UI\\", \\"Roboto\\", \\"Oxygen\\", \\"Ubuntu\\", \\"Cantarell\\", \\"Fira Sans\\", \\"Droid Sans\\", \\"Helvetica Neue\\", sans-serif",
      "fontSize": "17px",
      "fontStyle": "normal",
      "fontWeight": "400",
      "height": "40px",
      "padding": "0px 10px 0px 10px",
      "width": "100%",
    }
  }
  type="text"
/>
`;
